src/app/dashboard/settings/page.tsx(59,19): error TS2322: Type '(formData: FormData) => Promise<{ error: string; success?: undefined; } | { success: boolean; error?: undefined; }>' is not assignable to type 'string | ((formData: FormData) => void | Promise<void>) | undefined'.
  Type '(formData: FormData) => Promise<{ error: string; success?: undefined; } | { success: boolean; error?: undefined; }>' is not assignable to type '(formData: FormData) => void | Promise<void>'.
    Type 'Promise<{ error: string; success?: undefined; } | { success: boolean; error?: undefined; }>' is not assignable to type 'void | Promise<void>'.
      Type 'Promise<{ error: string; success?: undefined; } | { success: boolean; error?: undefined; }>' is not assignable to type 'Promise<void>'.
        Type '{ error: string; success?: undefined; } | { success: boolean; error?: undefined; }' is not assignable to type 'void'.
          Type '{ error: string; success?: undefined; }' is not assignable to type 'void'.
